2026-08-21T18:39:41: PM2 log: ===============================================================================
2026-08-21T18:39:41: PM2 log: --- New PM2 Daemon started ----------------------------------------------------
2026-08-21T18:39:41: PM2 log: Time                 : Fri Aug 21 2026 18:39:41 GMT-0300 (Brasilia Standard Time)
2026-08-21T18:39:41: PM2 log: PM2 version          : 7.0.3
2026-08-21T18:39:41: PM2 log: Node.js version      : 26.3.1
2026-08-21T18:39:41: PM2 log: Current arch         : arm64
2026-08-21T18:39:41: PM2 log: PM2 home             : /data/data/com.termux/files/home/.pm2
2026-08-21T18:39:41: PM2 log: PM2 PID file         : /data/data/com.termux/files/home/.pm2/pm2.pid
2026-08-21T18:39:41: PM2 log: RPC socket file      : /data/data/com.termux/files/home/.pm2/rpc.sock
2026-08-21T18:39:41: PM2 log: BUS socket file      : /data/data/com.termux/files/home/.pm2/pub.sock
2026-08-21T18:39:41: PM2 log: Application log path : /data/data/com.termux/files/home/.pm2/logs
2026-08-21T18:39:41: PM2 log: Worker Interval      : 30000
2026-08-21T18:39:41: PM2 log: Process dump file    : /data/data/com.termux/files/home/.pm2/dump.pm2
2026-08-21T18:39:41: PM2 log: Concurrent actions   : 2
2026-08-21T18:39:41: PM2 log: SIGTERM timeout      : 1600
2026-08-21T18:39:41: PM2 log: Runtime Binary       : /data/data/com.termux/files/usr/bin/node
2026-08-21T18:39:41: PM2 log: ===============================================================================
2026-08-21T18:39:41: PM2 log: App [meu-bot:0] starting in -fork mode-
2026-08-21T18:39:41: PM2 log: App [meu-bot:0] online
2026-08-21T18:39:41: PM2 warn: [pidusage] We couldn't find uptime from /proc/uptime, using os.uptime() value
2026-08-21T18:39:43: PM2 warn: [pidusage] We couldn't find uptime from /proc/uptime, using os.uptime() value
2026-08-21T18:40:12: PM2 warn: [pidusage] We couldn't find uptime from /proc/uptime, using os.uptime() value
2026-08-21T18:40:42: PM2 warn: [pidusage] We couldn't find uptime from /proc/uptime, using os.uptime() value
2026-08-21T18:41:12: PM2 warn: [pidusage] We couldn't find uptime from /proc/uptime, using os.uptime() value
2026-08-21T18:41:42: PM2 warn: [pidusage] We couldn't find uptime from /proc/uptime, using os.uptime() value
2026-08-21T18:42:12: PM2 warn: [pidusage] We couldn't find uptime from /proc/uptime, using os.uptime() value
2026-08-21T18:42:42: PM2 warn: [pidusage] We couldn't find uptime from /proc/uptime, using os.uptime() value
2026-08-21T18:43:12: PM2 warn: [pidusage] We couldn't find uptime from /proc/uptime, using os.uptime() value
2026-08-21T18:43:42: PM2 warn: [pidusage] We couldn't find uptime from /proc/uptime, using os.uptime() value
2026-08-21T18:44:12: PM2 warn: [pidusage] We couldn't find uptime from /proc/uptime, using os.uptime() value
2026-08-21T18:44:42: PM2 warn: [pidusage] We couldn't find uptime from /proc/uptime, using os.uptime() value
2026-08-21T18:45:12: PM2 warn: [pidusage] We couldn't find uptime from /proc/uptime, using os.uptime() value
2026-08-21T18:45:42: PM2 warn: [pidusage] We couldn't find uptime from /proc/uptime, using os.uptime() value
2026-08-21T18:46:12: PM2 warn: [pidusage] We couldn't find uptime from /proc/uptime, using os.uptime() value
2026-08-21T18:46:42: PM2 warn: [pidusage] We couldn't find uptime from /proc/uptime, using os.uptime() value
2026-08-21T18:47:12: PM2 warn: [pidusage] We couldn't find uptime from /proc/uptime, using os.uptime() value
2026-08-21T18:47:42: PM2 warn: [pidusage] We couldn't find uptime from /proc/uptime, using os.uptime() value
2026-08-21T18:48:12: PM2 warn: [pidusage] We couldn't find uptime from /proc/uptime, using os.uptime() value
2026-08-21T18:48:42: PM2 warn: [pidusage] We couldn't find uptime from /proc/uptime, using os.uptime() value
2026-08-21T18:49:12: PM2 warn: [pidusage] We couldn't find uptime from /proc/uptime, using os.uptime() value
2026-08-21T18:49:42: PM2 warn: [pidusage] We couldn't find uptime from /proc/uptime, using os.uptime() value
2026-08-21T18:50:12: PM2 warn: [pidusage] We couldn't find uptime from /proc/uptime, using os.uptime() value
2026-08-21T18:50:42: PM2 warn: [pidusage] We couldn't find uptime from /proc/uptime, using os.uptime() value
2026-08-21T18:51:12: PM2 warn: [pidusage] We couldn't find uptime from /proc/uptime, using os.uptime() value
2026-08-21T18:51:42: PM2 warn: [pidusage] We couldn't find uptime from /proc/uptime, using os.uptime() value
2026-08-21T18:52:12: PM2 warn: [pidusage] We couldn't find uptime from /proc/uptime, using os.uptime() value
2026-08-21T18:52:42: PM2 warn: [pidusage] We couldn't find uptime from /proc/uptime, using os.uptime() value
2026-08-21T18:53:12: PM2 warn: [pidusage] We couldn't find uptime from /proc/uptime, using os.uptime() value
2026-08-21T18:53:42: PM2 warn: [pidusage] We couldn't find uptime from /proc/uptime, using os.uptime() value
2026-08-21T18:54:12: PM2 warn: [pidusage] We couldn't find uptime from /proc/uptime, using os.uptime() value
2026-08-21T18:54:42: PM2 warn: [pidusage] We couldn't find uptime from /proc/uptime, using os.uptime() value
2026-08-21T18:55:12: PM2 warn: [pidusage] We couldn't find uptime from /proc/uptime, using os.uptime() value
2026-08-21T18:55:42: PM2 warn: [pidusage] We couldn't find uptime from /proc/uptime, using os.uptime() value
2026-08-21T18:56:12: PM2 warn: [pidusage] We couldn't find uptime from /proc/uptime, using os.uptime() value
2026-08-21T18:56:42: PM2 warn: [pidusage] We couldn't find uptime from /proc/uptime, using os.uptime() value
2026-08-21T18:57:12: PM2 warn: [pidusage] We couldn't find uptime from /proc/uptime, using os.uptime() value
2026-08-21T18:57:42: PM2 warn: [pidusage] We couldn't find uptime from /proc/uptime, using os.uptime() value
2026-08-21T18:58:12: PM2 warn: [pidusage] We couldn't find uptime from /proc/uptime, using os.uptime() value
2026-08-21T18:58:42: PM2 warn: [pidusage] We couldn't find uptime from /proc/uptime, using os.uptime() value
2026-08-21T18:59:12: PM2 warn: [pidusage] We couldn't find uptime from /proc/uptime, using os.uptime() value
2026-08-21T18:59:42: PM2 warn: [pidusage] We couldn't find uptime from /proc/uptime, using os.uptime() value
2026-08-21T19:00:12: PM2 warn: [pidusage] We couldn't find uptime from /proc/uptime, using os.uptime() value
2026-08-21T19:00:42: PM2 warn: [pidusage] We couldn't find uptime from /proc/uptime, using os.uptime() value
2026-08-21T19:01:12: PM2 warn: [pidusage] We couldn't find uptime from /proc/uptime, using os.uptime() value
2026-08-21T19:01:42: PM2 warn: [pidusage] We couldn't find uptime from /proc/uptime, using os.uptime() value
2026-08-21T19:02:12: PM2 warn: [pidusage] We couldn't find uptime from /proc/uptime, using os.uptime() value
2026-08-21T19:02:42: PM2 warn: [pidusage] We couldn't find uptime from /proc/uptime, using os.uptime() value
2026-08-21T19:03:12: PM2 warn: [pidusage] We couldn't find uptime from /proc/uptime, using os.uptime() value
2026-08-21T19:03:42: PM2 warn: [pidusage] We couldn't find uptime from /proc/uptime, using os.uptime() value
2026-08-21T19:04:12: PM2 warn: [pidusage] We couldn't find uptime from /proc/uptime, using os.uptime() value
2026-08-21T19:04:42: PM2 warn: [pidusage] We couldn't find uptime from /proc/uptime, using os.uptime() value
2026-08-21T19:05:12: PM2 warn: [pidusage] We couldn't find uptime from /proc/uptime, using os.uptime() value
2026-08-21T19:05:42: PM2 warn: [pidusage] We couldn't find uptime from /proc/uptime, using os.uptime() value
2026-08-21T19:06:12: PM2 warn: [pidusage] We couldn't find uptime from /proc/uptime, using os.uptime() value
2026-08-21T19:06:42: PM2 warn: [pidusage] We couldn't find uptime from /proc/uptime, using os.uptime() value
2026-08-21T19:07:12: PM2 warn: [pidusage] We couldn't find uptime from /proc/uptime, using os.uptime() value
2026-08-21T19:07:42: PM2 warn: [pidusage] We couldn't find uptime from /proc/uptime, using os.uptime() value
2026-08-21T19:08:12: PM2 warn: [pidusage] We couldn't find uptime from /proc/uptime, using os.uptime() value
2026-08-21T19:08:42: PM2 warn: [pidusage] We couldn't find uptime from /proc/uptime, using os.uptime() value
2026-08-21T19:09:12: PM2 warn: [pidusage] We couldn't find uptime from /proc/uptime, using os.uptime() value
2026-08-21T19:09:42: PM2 warn: [pidusage] We couldn't find uptime from /proc/uptime, using os.uptime() value
2026-08-21T19:10:12: PM2 warn: [pidusage] We couldn't find uptime from /proc/uptime, using os.uptime() value
2026-08-21T19:10:42: PM2 warn: [pidusage] We couldn't find uptime from /proc/uptime, using os.uptime() value
2026-08-21T19:11:12: PM2 warn: [pidusage] We couldn't find uptime from /proc/uptime, using os.uptime() value
2026-08-21T19:11:42: PM2 warn: [pidusage] We couldn't find uptime from /proc/uptime, using os.uptime() value
2026-08-21T19:12:12: PM2 warn: [pidusage] We couldn't find uptime from /proc/uptime, using os.uptime() value
2026-08-21T19:12:42: PM2 warn: [pidusage] We couldn't find uptime from /proc/uptime, using os.uptime() value
2026-08-21T19:13:12: PM2 warn: [pidusage] We couldn't find uptime from /proc/uptime, using os.uptime() value
2026-08-21T19:13:42: PM2 warn: [pidusage] We couldn't find uptime from /proc/uptime, using os.uptime() value
2026-08-21T19:14:12: PM2 warn: [pidusage] We couldn't find uptime from /proc/uptime, using os.uptime() value
2026-08-21T19:14:42: PM2 warn: [pidusage] We couldn't find uptime from /proc/uptime, using os.uptime() value
2026-08-21T19:15:12: PM2 warn: [pidusage] We couldn't find uptime from /proc/uptime, using os.uptime() value
2026-08-21T19:15:42: PM2 warn: [pidusage] We couldn't find uptime from /proc/uptime, using os.uptime() value
2026-08-21T19:16:12: PM2 warn: [pidusage] We couldn't find uptime from /proc/uptime, using os.uptime() value
2026-08-21T19:16:42: PM2 warn: [pidusage] We couldn't find uptime from /proc/uptime, using os.uptime() value
2026-08-21T19:17:12: PM2 warn: [pidusage] We couldn't find uptime from /proc/uptime, using os.uptime() value
2026-08-21T19:17:42: PM2 warn: [pidusage] We couldn't find uptime from /proc/uptime, using os.uptime() value
2026-08-21T19:18:12: PM2 warn: [pidusage] We couldn't find uptime from /proc/uptime, using os.uptime() value
2026-08-21T19:18:42: PM2 warn: [pidusage] We couldn't find uptime from /proc/uptime, using os.uptime() value
2026-08-21T19:19:12: PM2 warn: [pidusage] We couldn't find uptime from /proc/uptime, using os.uptime() value
2026-08-21T19:19:42: PM2 warn: [pidusage] We couldn't find uptime from /proc/uptime, using os.uptime() value
2026-08-21T19:20:12: PM2 warn: [pidusage] We couldn't find uptime from /proc/uptime, using os.uptime() value
2026-08-21T19:20:42: PM2 warn: [pidusage] We couldn't find uptime from /proc/uptime, using os.uptime() value
2026-08-21T19:21:12: PM2 warn: [pidusage] We couldn't find uptime from /proc/uptime, using os.uptime() value
2026-08-21T19:21:42: PM2 warn: [pidusage] We couldn't find uptime from /proc/uptime, using os.uptime() value
2026-08-21T19:22:12: PM2 warn: [pidusage] We couldn't find uptime from /proc/uptime, using os.uptime() value
2026-08-21T19:22:42: PM2 warn: [pidusage] We couldn't find uptime from /proc/uptime, using os.uptime() value
2026-08-21T19:23:12: PM2 warn: [pidusage] We couldn't find uptime from /proc/uptime, using os.uptime() value
2026-08-21T19:23:42: PM2 warn: [pidusage] We couldn't find uptime from /proc/uptime, using os.uptime() value
2026-08-21T19:24:12: PM2 warn: [pidusage] We couldn't find uptime from /proc/uptime, using os.uptime() value
2026-08-21T19:24:42: PM2 warn: [pidusage] We couldn't find uptime from /proc/uptime, using os.uptime() value
2026-08-21T19:25:12: PM2 warn: [pidusage] We couldn't find uptime from /proc/uptime, using os.uptime() value
2026-08-21T19:25:42: PM2 warn: [pidusage] We couldn't find uptime from /proc/uptime, using os.uptime() value
2026-08-21T19:26:12: PM2 warn: [pidusage] We couldn't find uptime from /proc/uptime, using os.uptime() value
2026-08-21T19:26:42: PM2 warn: [pidusage] We couldn't find uptime from /proc/uptime, using os.uptime() value
2026-08-21T19:27:12: PM2 warn: [pidusage] We couldn't find uptime from /proc/uptime, using os.uptime() value
2026-08-21T19:27:42: PM2 warn: [pidusage] We couldn't find uptime from /proc/uptime, using os.uptime() value
2026-08-21T19:28:12: PM2 warn: [pidusage] We couldn't find uptime from /proc/uptime, using os.uptime() value
2026-08-21T19:28:42: PM2 warn: [pidusage] We couldn't find uptime from /proc/uptime, using os.uptime() value
2026-08-21T19:29:12: PM2 warn: [pidusage] We couldn't find uptime from /proc/uptime, using os.uptime() value
2026-08-21T19:29:42: PM2 warn: [pidusage] We couldn't find uptime from /proc/uptime, using os.uptime() value
2026-08-21T19:30:12: PM2 warn: [pidusage] We couldn't find uptime from /proc/uptime, using os.uptime() value
2026-08-21T19:30:42: PM2 warn: [pidusage] We couldn't find uptime from /proc/uptime, using os.uptime() value
2026-08-21T19:31:12: PM2 warn: [pidusage] We couldn't find uptime from /proc/uptime, using os.uptime() value
2026-08-21T19:31:42: PM2 warn: [pidusage] We couldn't find uptime from /proc/uptime, using os.uptime() value
2026-08-21T19:32:12: PM2 warn: [pidusage] We couldn't find uptime from /proc/uptime, using os.uptime() value
2026-08-21T19:32:42: PM2 warn: [pidusage] We couldn't find uptime from /proc/uptime, using os.uptime() value
2026-08-21T19:33:12: PM2 warn: [pidusage] We couldn't find uptime from /proc/uptime, using os.uptime() value
2026-08-21T19:33:42: PM2 warn: [pidusage] We couldn't find uptime from /proc/uptime, using os.uptime() value
2026-08-21T19:34:12: PM2 warn: [pidusage] We couldn't find uptime from /proc/uptime, using os.uptime() value
2026-08-21T19:34:42: PM2 warn: [pidusage] We couldn't find uptime from /proc/uptime, using os.uptime() value
2026-08-21T19:35:12: PM2 warn: [pidusage] We couldn't find uptime from /proc/uptime, using os.uptime() value
2026-08-21T19:35:42: PM2 warn: [pidusage] We couldn't find uptime from /proc/uptime, using os.uptime() value
2026-08-21T19:36:12: PM2 warn: [pidusage] We couldn't find uptime from /proc/uptime, using os.uptime() value
2026-08-21T19:36:42: PM2 warn: [pidusage] We couldn't find uptime from /proc/uptime, using os.uptime() value
2026-08-21T19:37:12: PM2 warn: [pidusage] We couldn't find uptime from /proc/uptime, using os.uptime() value
2026-08-21T19:37:42: PM2 warn: [pidusage] We couldn't find uptime from /proc/uptime, using os.uptime() value
2026-08-21T19:38:12: PM2 warn: [pidusage] We couldn't find uptime from /proc/uptime, using os.uptime() value
2026-08-21T19:38:42: PM2 warn: [pidusage] We couldn't find uptime from /proc/uptime, using os.uptime() value
2026-08-21T19:39:12: PM2 warn: [pidusage] We couldn't find uptime from /proc/uptime, using os.uptime() value
2026-08-21T19:39:42: PM2 warn: [pidusage] We couldn't find uptime from /proc/uptime, using os.uptime() value
2026-08-21T19:40:12: PM2 warn: [pidusage] We couldn't find uptime from /proc/uptime, using os.uptime() value
2026-08-21T19:40:42: PM2 warn: [pidusage] We couldn't find uptime from /proc/uptime, using os.uptime() value
2026-08-21T19:41:12: PM2 warn: [pidusage] We couldn't find uptime from /proc/uptime, using os.uptime() value
2026-08-21T19:41:42: PM2 warn: [pidusage] We couldn't find uptime from /proc/uptime, using os.uptime() value
2026-08-21T19:42:12: PM2 warn: [pidusage] We couldn't find uptime from /proc/uptime, using os.uptime() value
2026-08-21T19:42:42: PM2 warn: [pidusage] We couldn't find uptime from /proc/uptime, using os.uptime() value
2026-08-21T19:43:12: PM2 warn: [pidusage] We couldn't find uptime from /proc/uptime, using os.uptime() value
2026-08-21T19:43:42: PM2 warn: [pidusage] We couldn't find uptime from /proc/uptime, using os.uptime() value
2026-08-21T19:44:12: PM2 warn: [pidusage] We couldn't find uptime from /proc/uptime, using os.uptime() value
2026-08-21T19:44:42: PM2 warn: [pidusage] We couldn't find uptime from /proc/uptime, using os.uptime() value
2026-08-21T19:45:12: PM2 warn: [pidusage] We couldn't find uptime from /proc/uptime, using os.uptime() value
2026-08-21T19:45:42: PM2 warn: [pidusage] We couldn't find uptime from /proc/uptime, using os.uptime() value
2026-08-21T19:46:12: PM2 warn: [pidusage] We couldn't find uptime from /proc/uptime, using os.uptime() value
2026-08-21T19:46:42: PM2 warn: [pidusage] We couldn't find uptime from /proc/uptime, using os.uptime() value
2026-08-21T19:47:12: PM2 warn: [pidusage] We couldn't find uptime from /proc/uptime, using os.uptime() value
2026-08-21T19:47:42: PM2 warn: [pidusage] We couldn't find uptime from /proc/uptime, using os.uptime() value
2026-08-21T19:48:12: PM2 warn: [pidusage] We couldn't find uptime from /proc/uptime, using os.uptime() value
2026-08-21T19:48:42: PM2 warn: [pidusage] We couldn't find uptime from /proc/uptime, using os.uptime() value
2026-08-21T19:49:12: PM2 warn: [pidusage] We couldn't find uptime from /proc/uptime, using os.uptime() value
2026-08-21T19:49:42: PM2 warn: [pidusage] We couldn't find uptime from /proc/uptime, using os.uptime() value
2026-08-21T19:50:12: PM2 warn: [pidusage] We couldn't find uptime from /proc/uptime, using os.uptime() value
2026-08-21T19:50:42: PM2 warn: [pidusage] We couldn't find uptime from /proc/uptime, using os.uptime() value
2026-08-21T19:51:12: PM2 warn: [pidusage] We couldn't find uptime from /proc/uptime, using os.uptime() value
2026-08-21T19:51:42: PM2 warn: [pidusage] We couldn't find uptime from /proc/uptime, using os.uptime() value
2026-08-21T19:52:12: PM2 warn: [pidusage] We couldn't find uptime from /proc/uptime, using os.uptime() value
2026-08-21T19:52:42: PM2 warn: [pidusage] We couldn't find uptime from /proc/uptime, using os.uptime() value
2026-08-21T19:53:12: PM2 warn: [pidusage] We couldn't find uptime from /proc/uptime, using os.uptime() value
2026-08-21T19:53:42: PM2 warn: [pidusage] We couldn't find uptime from /proc/uptime, using os.uptime() value
2026-08-21T19:54:12: PM2 warn: [pidusage] We couldn't find uptime from /proc/uptime, using os.uptime() value
2026-08-21T19:54:42: PM2 warn: [pidusage] We couldn't find uptime from /proc/uptime, using os.uptime() value
2026-08-21T19:55:12: PM2 warn: [pidusage] We couldn't find uptime from /proc/uptime, using os.uptime() value
2026-08-21T19:55:43: PM2 warn: [pidusage] We couldn't find uptime from /proc/uptime, using os.uptime() value
2026-08-21T19:56:13: PM2 warn: [pidusage] We couldn't find uptime from /proc/uptime, using os.uptime() value
2026-08-21T19:56:43: PM2 warn: [pidusage] We couldn't find uptime from /proc/uptime, using os.uptime() value
2026-08-21T19:57:13: PM2 warn: [pidusage] We couldn't find uptime from /proc/uptime, using os.uptime() value
2026-08-21T19:57:43: PM2 warn: [pidusage] We couldn't find uptime from /proc/uptime, using os.uptime() value
2026-08-21T19:58:13: PM2 warn: [pidusage] We couldn't find uptime from /proc/uptime, using os.uptime() value
2026-08-21T19:58:43: PM2 warn: [pidusage] We couldn't find uptime from /proc/uptime, using os.uptime() value
2026-08-21T19:59:13: PM2 warn: [pidusage] We couldn't find uptime from /proc/uptime, using os.uptime() value
2026-08-21T19:59:43: PM2 warn: [pidusage] We couldn't find uptime from /proc/uptime, using os.uptime() value
2026-08-21T20:00:13: PM2 warn: [pidusage] We couldn't find uptime from /proc/uptime, using os.uptime() value
2026-08-21T20:00:43: PM2 warn: [pidusage] We couldn't find uptime from /proc/uptime, using os.uptime() value
2026-08-21T20:01:13: PM2 warn: [pidusage] We couldn't find uptime from /proc/uptime, using os.uptime() value
2026-08-21T20:01:43: PM2 warn: [pidusage] We couldn't find uptime from /proc/uptime, using os.uptime() value
2026-08-21T20:02:13: PM2 warn: [pidusage] We couldn't find uptime from /proc/uptime, using os.uptime() value
2026-08-21T20:02:43: PM2 warn: [pidusage] We couldn't find uptime from /proc/uptime, using os.uptime() value
2026-08-21T20:03:13: PM2 warn: [pidusage] We couldn't find uptime from /proc/uptime, using os.uptime() value
2026-08-21T20:03:43: PM2 warn: [pidusage] We couldn't find uptime from /proc/uptime, using os.uptime() value
2026-08-21T20:04:13: PM2 warn: [pidusage] We couldn't find uptime from /proc/uptime, using os.uptime() value
2026-08-21T20:04:43: PM2 warn: [pidusage] We couldn't find uptime from /proc/uptime, using os.uptime() value
2026-08-21T20:05:13: PM2 warn: [pidusage] We couldn't find uptime from /proc/uptime, using os.uptime() value
2026-08-21T20:05:43: PM2 warn: [pidusage] We couldn't find uptime from /proc/uptime, using os.uptime() value
2026-08-21T20:06:13: PM2 warn: [pidusage] We couldn't find uptime from /proc/uptime, using os.uptime() value
2026-08-21T20:06:43: PM2 warn: [pidusage] We couldn't find uptime from /proc/uptime, using os.uptime() value
2026-08-21T20:07:13: PM2 warn: [pidusage] We couldn't find uptime from /proc/uptime, using os.uptime() value
2026-08-21T20:07:43: PM2 warn: [pidusage] We couldn't find uptime from /proc/uptime, using os.uptime() value
2026-08-21T20:08:13: PM2 warn: [pidusage] We couldn't find uptime from /proc/uptime, using os.uptime() value
2026-08-21T20:08:43: PM2 warn: [pidusage] We couldn't find uptime from /proc/uptime, using os.uptime() value
2026-08-21T20:09:13: PM2 warn: [pidusage] We couldn't find uptime from /proc/uptime, using os.uptime() value
2026-08-21T20:09:43: PM2 warn: [pidusage] We couldn't find uptime from /proc/uptime, using os.uptime() value
2026-08-21T20:10:13: PM2 warn: [pidusage] We couldn't find uptime from /proc/uptime, using os.uptime() value
2026-08-21T20:10:43: PM2 warn: [pidusage] We couldn't find uptime from /proc/uptime, using os.uptime() value
2026-08-21T20:11:13: PM2 warn: [pidusage] We couldn't find uptime from /proc/uptime, using os.uptime() value
2026-08-21T20:11:43: PM2 warn: [pidusage] We couldn't find uptime from /proc/uptime, using os.uptime() value
2026-08-21T20:12:11: PM2 warn: [pidusage] We couldn't find uptime from /proc/uptime, using os.uptime() value
2026-08-21T20:12:11: PM2 warn: [pidusage] We couldn't find uptime from /proc/uptime, using os.uptime() value
2026-08-21T20:12:13: PM2 warn: [pidusage] We couldn't find uptime from /proc/uptime, using os.uptime() value
2026-08-21T20:12:43: PM2 warn: [pidusage] We couldn't find uptime from /proc/uptime, using os.uptime() value
2026-08-21T20:13:13: PM2 warn: [pidusage] We couldn't find uptime from /proc/uptime, using os.uptime() value
2026-08-21T20:13:43: PM2 warn: [pidusage] We couldn't find uptime from /proc/uptime, using os.uptime() value
2026-08-21T20:14:13: PM2 warn: [pidusage] We couldn't find uptime from /proc/uptime, using os.uptime() value
2026-08-21T20:14:43: PM2 warn: [pidusage] We couldn't find uptime from /proc/uptime, using os.uptime() value
2026-08-21T20:15:13: PM2 warn: [pidusage] We couldn't find uptime from /proc/uptime, using os.uptime() value
2026-08-21T20:15:43: PM2 warn: [pidusage] We couldn't find uptime from /proc/uptime, using os.uptime() value
2026-08-21T20:16:13: PM2 warn: [pidusage] We couldn't find uptime from /proc/uptime, using os.uptime() value
2026-08-21T20:16:43: PM2 warn: [pidusage] We couldn't find uptime from /proc/uptime, using os.uptime() value
2026-08-21T20:17:13: PM2 warn: [pidusage] We couldn't find uptime from /proc/uptime, using os.uptime() value
2026-08-21T20:17:43: PM2 warn: [pidusage] We couldn't find uptime from /proc/uptime, using os.uptime() value
2026-08-21T20:18:13: PM2 warn: [pidusage] We couldn't find uptime from /proc/uptime, using os.uptime() value
2026-08-21T20:18:43: PM2 warn: [pidusage] We couldn't find uptime from /proc/uptime, using os.uptime() value
2026-08-21T20:19:13: PM2 warn: [pidusage] We couldn't find uptime from /proc/uptime, using os.uptime() value
2026-08-21T20:19:43: PM2 warn: [pidusage] We couldn't find uptime from /proc/uptime, using os.uptime() value
2026-08-21T20:20:13: PM2 warn: [pidusage] We couldn't find uptime from /proc/uptime, using os.uptime() value
2026-08-21T20:20:43: PM2 warn: [pidusage] We couldn't find uptime from /proc/uptime, using os.uptime() value
2026-08-21T20:21:13: PM2 warn: [pidusage] We couldn't find uptime from /proc/uptime, using os.uptime() value
2026-08-21T20:21:43: PM2 warn: [pidusage] We couldn't find uptime from /proc/uptime, using os.uptime() value
2026-08-21T20:22:13: PM2 warn: [pidusage] We couldn't find uptime from /proc/uptime, using os.uptime() value
2026-08-21T20:22:43: PM2 warn: [pidusage] We couldn't find uptime from /proc/uptime, using os.uptime() value
2026-08-21T20:23:13: PM2 warn: [pidusage] We couldn't find uptime from /proc/uptime, using os.uptime() value
2026-08-21T20:23:43: PM2 warn: [pidusage] We couldn't find uptime from /proc/uptime, using os.uptime() value
2026-08-21T20:24:13: PM2 warn: [pidusage] We couldn't find uptime from /proc/uptime, using os.uptime() value
2026-08-21T20:24:43: PM2 warn: [pidusage] We couldn't find uptime from /proc/uptime, using os.uptime() value
2026-08-21T20:25:13: PM2 warn: [pidusage] We couldn't find uptime from /proc/uptime, using os.uptime() value
2026-08-21T20:25:43: PM2 warn: [pidusage] We couldn't find uptime from /proc/uptime, using os.uptime() value
2026-08-21T20:26:13: PM2 warn: [pidusage] We couldn't find uptime from /proc/uptime, using os.uptime() value
2026-08-21T20:26:43: PM2 warn: [pidusage] We couldn't find uptime from /proc/uptime, using os.uptime() value
2026-08-21T20:27:13: PM2 warn: [pidusage] We couldn't find uptime from /proc/uptime, using os.uptime() value
2026-08-21T20:27:43: PM2 warn: [pidusage] We couldn't find uptime from /proc/uptime, using os.uptime() value
2026-08-21T20:28:13: PM2 warn: [pidusage] We couldn't find uptime from /proc/uptime, using os.uptime() value
2026-08-21T20:28:43: PM2 warn: [pidusage] We couldn't find uptime from /proc/uptime, using os.uptime() value
2026-08-21T20:29:13: PM2 warn: [pidusage] We couldn't find uptime from /proc/uptime, using os.uptime() value
2026-08-21T20:29:43: PM2 warn: [pidusage] We couldn't find uptime from /proc/uptime, using os.uptime() value
2026-08-21T20:30:13: PM2 warn: [pidusage] We couldn't find uptime from /proc/uptime, using os.uptime() value
2026-08-21T20:30:43: PM2 warn: [pidusage] We couldn't find uptime from /proc/uptime, using os.uptime() value
2026-08-21T20:31:13: PM2 warn: [pidusage] We couldn't find uptime from /proc/uptime, using os.uptime() value
2026-08-21T20:31:43: PM2 warn: [pidusage] We couldn't find uptime from /proc/uptime, using os.uptime() value
2026-08-21T20:32:13: PM2 warn: [pidusage] We couldn't find uptime from /proc/uptime, using os.uptime() value
2026-08-21T20:32:43: PM2 warn: [pidusage] We couldn't find uptime from /proc/uptime, using os.uptime() value
2026-08-21T20:33:13: PM2 warn: [pidusage] We couldn't find uptime from /proc/uptime, using os.uptime() value
2026-08-21T20:33:43: PM2 warn: [pidusage] We couldn't find uptime from /proc/uptime, using os.uptime() value
2026-08-21T20:34:13: PM2 warn: [pidusage] We couldn't find uptime from /proc/uptime, using os.uptime() value
2026-08-21T20:34:43: PM2 warn: [pidusage] We couldn't find uptime from /proc/uptime, using os.uptime() value
2026-08-21T20:35:13: PM2 warn: [pidusage] We couldn't find uptime from /proc/uptime, using os.uptime() value
2026-08-21T20:35:43: PM2 warn: [pidusage] We couldn't find uptime from /proc/uptime, using os.uptime() value
2026-08-21T20:36:13: PM2 warn: [pidusage] We couldn't find uptime from /proc/uptime, using os.uptime() value
2026-08-21T20:36:43: PM2 warn: [pidusage] We couldn't find uptime from /proc/uptime, using os.uptime() value
2026-08-21T20:37:13: PM2 warn: [pidusage] We couldn't find uptime from /proc/uptime, using os.uptime() value
2026-08-21T20:37:43: PM2 warn: [pidusage] We couldn't find uptime from /proc/uptime, using os.uptime() value
2026-08-21T20:38:13: PM2 warn: [pidusage] We couldn't find uptime from /proc/uptime, using os.uptime() value
2026-08-21T20:38:43: PM2 warn: [pidusage] We couldn't find uptime from /proc/uptime, using os.uptime() value
2026-08-21T20:39:13: PM2 warn: [pidusage] We couldn't find uptime from /proc/uptime, using os.uptime() value
2026-08-21T20:39:43: PM2 warn: [pidusage] We couldn't find uptime from /proc/uptime, using os.uptime() value
2026-08-21T20:40:13: PM2 warn: [pidusage] We couldn't find uptime from /proc/uptime, using os.uptime() value
2026-08-21T20:40:43: PM2 warn: [pidusage] We couldn't find uptime from /proc/uptime, using os.uptime() value
2026-08-21T20:41:13: PM2 warn: [pidusage] We couldn't find uptime from /proc/uptime, using os.uptime() value
2026-08-21T20:41:43: PM2 warn: [pidusage] We couldn't find uptime from /proc/uptime, using os.uptime() value
2026-08-21T20:42:13: PM2 warn: [pidusage] We couldn't find uptime from /proc/uptime, using os.uptime() value
2026-08-21T20:42:43: PM2 warn: [pidusage] We couldn't find uptime from /proc/uptime, using os.uptime() value
2026-08-21T20:43:13: PM2 warn: [pidusage] We couldn't find uptime from /proc/uptime, using os.uptime() value
2026-08-21T20:43:43: PM2 warn: [pidusage] We couldn't find uptime from /proc/uptime, using os.uptime() value
2026-08-21T20:44:13: PM2 warn: [pidusage] We couldn't find uptime from /proc/uptime, using os.uptime() value
2026-08-21T20:44:43: PM2 warn: [pidusage] We couldn't find uptime from /proc/uptime, using os.uptime() value
2026-08-21T20:45:13: PM2 warn: [pidusage] We couldn't find uptime from /proc/uptime, using os.uptime() value
2026-08-21T20:45:43: PM2 warn: [pidusage] We couldn't find uptime from /proc/uptime, using os.uptime() value
2026-08-21T20:46:13: PM2 warn: [pidusage] We couldn't find uptime from /proc/uptime, using os.uptime() value
2026-08-21T20:46:43: PM2 warn: [pidusage] We couldn't find uptime from /proc/uptime, using os.uptime() value
2026-08-21T20:47:13: PM2 warn: [pidusage] We couldn't find uptime from /proc/uptime, using os.uptime() value
2026-08-21T20:47:43: PM2 warn: [pidusage] We couldn't find uptime from /proc/uptime, using os.uptime() value
2026-08-21T20:48:14: PM2 warn: [pidusage] We couldn't find uptime from /proc/uptime, using os.uptime() value
2026-08-21T20:48:43: PM2 warn: [pidusage] We couldn't find uptime from /proc/uptime, using os.uptime() value
2026-08-21T20:49:13: PM2 warn: [pidusage] We couldn't find uptime from /proc/uptime, using os.uptime() value
2026-08-21T20:49:43: PM2 warn: [pidusage] We couldn't find uptime from /proc/uptime, using os.uptime() value
2026-08-21T20:50:13: PM2 warn: [pidusage] We couldn't find uptime from /proc/uptime, using os.uptime() value
2026-08-21T22:55:27: PM2 log: ===============================================================================
2026-08-21T22:55:27: PM2 log: --- New PM2 Daemon started ----------------------------------------------------
2026-08-21T22:55:27: PM2 log: Time                 : Fri Aug 21 2026 22:55:27 GMT-0300 (Brasilia Standard Time)
2026-08-21T22:55:27: PM2 log: PM2 version          : 7.0.3
2026-08-21T22:55:27: PM2 log: Node.js version      : 26.3.1
2026-08-21T22:55:27: PM2 log: Current arch         : arm64
2026-08-21T22:55:27: PM2 log: PM2 home             : /data/data/com.termux/files/home/.pm2
2026-08-21T22:55:27: PM2 log: PM2 PID file         : /data/data/com.termux/files/home/.pm2/pm2.pid
2026-08-21T22:55:27: PM2 log: RPC socket file      : /data/data/com.termux/files/home/.pm2/rpc.sock
2026-08-21T22:55:27: PM2 log: BUS socket file      : /data/data/com.termux/files/home/.pm2/pub.sock
2026-08-21T22:55:27: PM2 log: Application log path : /data/data/com.termux/files/home/.pm2/logs
2026-08-21T22:55:27: PM2 log: Worker Interval      : 30000
2026-08-21T22:55:27: PM2 log: Process dump file    : /data/data/com.termux/files/home/.pm2/dump.pm2
2026-08-21T22:55:27: PM2 log: Concurrent actions   : 2
2026-08-21T22:55:27: PM2 log: SIGTERM timeout      : 1600
2026-08-21T22:55:27: PM2 log: Runtime Binary       : /data/data/com.termux/files/usr/bin/node
2026-08-21T22:55:27: PM2 log: ===============================================================================
2026-08-22T09:27:58: PM2 log: ===============================================================================
2026-08-22T09:27:58: PM2 log: --- New PM2 Daemon started ----------------------------------------------------
2026-08-22T09:27:58: PM2 log: Time                 : Sat Aug 22 2026 09:27:58 GMT-0300 (Brasilia Standard Time)
2026-08-22T09:27:58: PM2 log: PM2 version          : 7.0.3
2026-08-22T09:27:58: PM2 log: Node.js version      : 26.3.1
2026-08-22T09:27:58: PM2 log: Current arch         : arm64
2026-08-22T09:27:58: PM2 log: PM2 home             : /data/data/com.termux/files/home/.pm2
2026-08-22T09:27:58: PM2 log: PM2 PID file         : /data/data/com.termux/files/home/.pm2/pm2.pid
2026-08-22T09:27:58: PM2 log: RPC socket file      : /data/data/com.termux/files/home/.pm2/rpc.sock
2026-08-22T09:27:58: PM2 log: BUS socket file      : /data/data/com.termux/files/home/.pm2/pub.sock
2026-08-22T09:27:58: PM2 log: Application log path : /data/data/com.termux/files/home/.pm2/logs
2026-08-22T09:27:58: PM2 log: Worker Interval      : 30000
2026-08-22T09:27:58: PM2 log: Process dump file    : /data/data/com.termux/files/home/.pm2/dump.pm2
2026-08-22T09:27:58: PM2 log: Concurrent actions   : 2
2026-08-22T09:27:58: PM2 log: SIGTERM timeout      : 1600
2026-08-22T09:27:58: PM2 log: Runtime Binary       : /data/data/com.termux/files/usr/bin/node
2026-08-22T09:27:58: PM2 log: ===============================================================================
2026-08-22T09:35:03: PM2 log: App [zyntrax-bot:0] starting in -fork mode-
2026-08-22T09:35:03: PM2 log: App [zyntrax-bot:0] online
2026-08-22T09:35:03: PM2 warn: [pidusage] We couldn't find uptime from /proc/uptime, using os.uptime() value
2026-08-22T09:35:29: PM2 warn: [pidusage] We couldn't find uptime from /proc/uptime, using os.uptime() value
2026-08-22T09:35:46: PM2 warn: [pidusage] We couldn't find uptime from /proc/uptime, using os.uptime() value
2026-08-22T09:35:59: PM2 warn: [pidusage] We couldn't find uptime from /proc/uptime, using os.uptime() value
2026-08-22T09:36:29: PM2 warn: [pidusage] We couldn't find uptime from /proc/uptime, using os.uptime() value
2026-08-22T09:36:59: PM2 warn: [pidusage] We couldn't find uptime from /proc/uptime, using os.uptime() value
2026-08-22T09:37:29: PM2 warn: [pidusage] We couldn't find uptime from /proc/uptime, using os.uptime() value
2026-08-22T09:37:59: PM2 warn: [pidusage] We couldn't find uptime from /proc/uptime, using os.uptime() value
2026-08-22T09:38:29: PM2 warn: [pidusage] We couldn't find uptime from /proc/uptime, using os.uptime() value
2026-08-22T09:38:59: PM2 warn: [pidusage] We couldn't find uptime from /proc/uptime, using os.uptime() value
2026-08-22T09:39:29: PM2 warn: [pidusage] We couldn't find uptime from /proc/uptime, using os.uptime() value
2026-08-22T09:39:59: PM2 warn: [pidusage] We couldn't find uptime from /proc/uptime, using os.uptime() value
2026-08-22T09:40:29: PM2 warn: [pidusage] We couldn't find uptime from /proc/uptime, using os.uptime() value
2026-08-22T09:40:59: PM2 warn: [pidusage] We couldn't find uptime from /proc/uptime, using os.uptime() value
2026-08-22T09:41:29: PM2 warn: [pidusage] We couldn't find uptime from /proc/uptime, using os.uptime() value
2026-08-22T09:41:59: PM2 warn: [pidusage] We couldn't find uptime from /proc/uptime, using os.uptime() value
2026-08-22T09:42:29: PM2 warn: [pidusage] We couldn't find uptime from /proc/uptime, using os.uptime() value
2026-08-22T09:42:59: PM2 warn: [pidusage] We couldn't find uptime from /proc/uptime, using os.uptime() value
2026-08-22T09:43:29: PM2 warn: [pidusage] We couldn't find uptime from /proc/uptime, using os.uptime() value
2026-08-22T09:43:59: PM2 warn: [pidusage] We couldn't find uptime from /proc/uptime, using os.uptime() value
2026-08-22T09:44:29: PM2 warn: [pidusage] We couldn't find uptime from /proc/uptime, using os.uptime() value
2026-08-22T09:44:59: PM2 warn: [pidusage] We couldn't find uptime from /proc/uptime, using os.uptime() value
2026-08-22T09:45:29: PM2 warn: [pidusage] We couldn't find uptime from /proc/uptime, using os.uptime() value
2026-08-22T09:45:59: PM2 warn: [pidusage] We couldn't find uptime from /proc/uptime, using os.uptime() value
2026-08-22T09:46:29: PM2 warn: [pidusage] We couldn't find uptime from /proc/uptime, using os.uptime() value
2026-08-22T09:46:59: PM2 warn: [pidusage] We couldn't find uptime from /proc/uptime, using os.uptime() value
2026-08-22T09:47:29: PM2 warn: [pidusage] We couldn't find uptime from /proc/uptime, using os.uptime() value
2026-08-22T09:47:59: PM2 warn: [pidusage] We couldn't find uptime from /proc/uptime, using os.uptime() value
2026-08-22T09:48:29: PM2 warn: [pidusage] We couldn't find uptime from /proc/uptime, using os.uptime() value
2026-08-22T09:48:59: PM2 warn: [pidusage] We couldn't find uptime from /proc/uptime, using os.uptime() value
2026-08-22T09:49:29: PM2 warn: [pidusage] We couldn't find uptime from /proc/uptime, using os.uptime() value
2026-08-22T09:49:59: PM2 warn: [pidusage] We couldn't find uptime from /proc/uptime, using os.uptime() value
2026-08-22T09:50:29: PM2 warn: [pidusage] We couldn't find uptime from /proc/uptime, using os.uptime() value
2026-08-22T09:50:59: PM2 warn: [pidusage] We couldn't find uptime from /proc/uptime, using os.uptime() value
2026-08-22T09:51:29: PM2 warn: [pidusage] We couldn't find uptime from /proc/uptime, using os.uptime() value
2026-08-22T09:51:59: PM2 warn: [pidusage] We couldn't find uptime from /proc/uptime, using os.uptime() value
2026-08-22T09:52:29: PM2 warn: [pidusage] We couldn't find uptime from /proc/uptime, using os.uptime() value
2026-08-22T09:52:59: PM2 warn: [pidusage] We couldn't find uptime from /proc/uptime, using os.uptime() value
2026-08-22T09:53:29: PM2 warn: [pidusage] We couldn't find uptime from /proc/uptime, using os.uptime() value
2026-08-22T09:53:59: PM2 warn: [pidusage] We couldn't find uptime from /proc/uptime, using os.uptime() value
2026-08-22T09:54:29: PM2 warn: [pidusage] We couldn't find uptime from /proc/uptime, using os.uptime() value
2026-08-22T09:54:59: PM2 warn: [pidusage] We couldn't find uptime from /proc/uptime, using os.uptime() value
2026-08-22T09:55:29: PM2 warn: [pidusage] We couldn't find uptime from /proc/uptime, using os.uptime() value
2026-08-22T09:55:59: PM2 warn: [pidusage] We couldn't find uptime from /proc/uptime, using os.uptime() value
2026-08-22T09:56:29: PM2 warn: [pidusage] We couldn't find uptime from /proc/uptime, using os.uptime() value
2026-08-22T09:56:59: PM2 warn: [pidusage] We couldn't find uptime from /proc/uptime, using os.uptime() value
2026-08-22T09:57:29: PM2 warn: [pidusage] We couldn't find uptime from /proc/uptime, using os.uptime() value
2026-08-22T09:57:59: PM2 warn: [pidusage] We couldn't find uptime from /proc/uptime, using os.uptime() value
2026-08-22T09:58:29: PM2 warn: [pidusage] We couldn't find uptime from /proc/uptime, using os.uptime() value
2026-08-22T09:58:59: PM2 warn: [pidusage] We couldn't find uptime from /proc/uptime, using os.uptime() value
2026-08-22T09:59:29: PM2 warn: [pidusage] We couldn't find uptime from /proc/uptime, using os.uptime() value
2026-08-22T09:59:59: PM2 warn: [pidusage] We couldn't find uptime from /proc/uptime, using os.uptime() value
2026-08-22T10:00:29: PM2 warn: [pidusage] We couldn't find uptime from /proc/uptime, using os.uptime() value
2026-08-22T10:00:59: PM2 warn: [pidusage] We couldn't find uptime from /proc/uptime, using os.uptime() value
2026-08-22T10:01:29: PM2 warn: [pidusage] We couldn't find uptime from /proc/uptime, using os.uptime() value
2026-08-22T10:01:59: PM2 warn: [pidusage] We couldn't find uptime from /proc/uptime, using os.uptime() value
2026-08-22T10:02:29: PM2 warn: [pidusage] We couldn't find uptime from /proc/uptime, using os.uptime() value
2026-08-22T10:02:59: PM2 warn: [pidusage] We couldn't find uptime from /proc/uptime, using os.uptime() value
2026-08-22T10:03:29: PM2 warn: [pidusage] We couldn't find uptime from /proc/uptime, using os.uptime() value
2026-08-22T10:03:59: PM2 warn: [pidusage] We couldn't find uptime from /proc/uptime, using os.uptime() value
2026-08-22T10:04:29: PM2 warn: [pidusage] We couldn't find uptime from /proc/uptime, using os.uptime() value
2026-08-22T10:04:59: PM2 warn: [pidusage] We couldn't find uptime from /proc/uptime, using os.uptime() value
2026-08-22T10:05:29: PM2 warn: [pidusage] We couldn't find uptime from /proc/uptime, using os.uptime() value
2026-08-22T10:05:59: PM2 warn: [pidusage] We couldn't find uptime from /proc/uptime, using os.uptime() value
2026-08-22T10:06:29: PM2 warn: [pidusage] We couldn't find uptime from /proc/uptime, using os.uptime() value
2026-08-22T10:06:59: PM2 warn: [pidusage] We couldn't find uptime from /proc/uptime, using os.uptime() value
2026-08-22T10:07:29: PM2 warn: [pidusage] We couldn't find uptime from /proc/uptime, using os.uptime() value
2026-08-22T10:07:59: PM2 warn: [pidusage] We couldn't find uptime from /proc/uptime, using os.uptime() value
2026-08-22T10:08:29: PM2 warn: [pidusage] We couldn't find uptime from /proc/uptime, using os.uptime() value
2026-08-22T10:08:59: PM2 warn: [pidusage] We couldn't find uptime from /proc/uptime, using os.uptime() value
2026-08-22T10:09:29: PM2 warn: [pidusage] We couldn't find uptime from /proc/uptime, using os.uptime() value
2026-08-22T10:09:59: PM2 warn: [pidusage] We couldn't find uptime from /proc/uptime, using os.uptime() value
2026-08-22T10:10:29: PM2 warn: [pidusage] We couldn't find uptime from /proc/uptime, using os.uptime() value
2026-08-22T10:10:59: PM2 warn: [pidusage] We couldn't find uptime from /proc/uptime, using os.uptime() value
2026-08-22T10:11:29: PM2 warn: [pidusage] We couldn't find uptime from /proc/uptime, using os.uptime() value
2026-08-22T10:11:59: PM2 warn: [pidusage] We couldn't find uptime from /proc/uptime, using os.uptime() value
2026-08-22T10:12:29: PM2 warn: [pidusage] We couldn't find uptime from /proc/uptime, using os.uptime() value
2026-08-22T10:12:59: PM2 warn: [pidusage] We couldn't find uptime from /proc/uptime, using os.uptime() value
2026-08-22T10:13:29: PM2 warn: [pidusage] We couldn't find uptime from /proc/uptime, using os.uptime() value
2026-08-22T10:13:59: PM2 warn: [pidusage] We couldn't find uptime from /proc/uptime, using os.uptime() value
2026-08-22T10:14:29: PM2 warn: [pidusage] We couldn't find uptime from /proc/uptime, using os.uptime() value
2026-08-22T10:14:59: PM2 warn: [pidusage] We couldn't find uptime from /proc/uptime, using os.uptime() value
2026-08-22T10:15:29: PM2 warn: [pidusage] We couldn't find uptime from /proc/uptime, using os.uptime() value
2026-08-22T10:15:59: PM2 warn: [pidusage] We couldn't find uptime from /proc/uptime, using os.uptime() value
2026-08-22T10:16:29: PM2 warn: [pidusage] We couldn't find uptime from /proc/uptime, using os.uptime() value
2026-08-22T10:16:59: PM2 warn: [pidusage] We couldn't find uptime from /proc/uptime, using os.uptime() value
2026-08-22T10:17:29: PM2 warn: [pidusage] We couldn't find uptime from /proc/uptime, using os.uptime() value
2026-08-22T10:17:59: PM2 warn: [pidusage] We couldn't find uptime from /proc/uptime, using os.uptime() value
2026-08-22T10:18:29: PM2 warn: [pidusage] We couldn't find uptime from /proc/uptime, using os.uptime() value
2026-08-22T10:18:59: PM2 warn: [pidusage] We couldn't find uptime from /proc/uptime, using os.uptime() value
2026-08-22T10:19:29: PM2 warn: [pidusage] We couldn't find uptime from /proc/uptime, using os.uptime() value
2026-08-22T10:19:59: PM2 warn: [pidusage] We couldn't find uptime from /proc/uptime, using os.uptime() value
2026-08-22T10:20:29: PM2 warn: [pidusage] We couldn't find uptime from /proc/uptime, using os.uptime() value
2026-08-22T10:20:59: PM2 warn: [pidusage] We couldn't find uptime from /proc/uptime, using os.uptime() value
2026-08-22T10:21:29: PM2 warn: [pidusage] We couldn't find uptime from /proc/uptime, using os.uptime() value
2026-08-22T10:21:59: PM2 warn: [pidusage] We couldn't find uptime from /proc/uptime, using os.uptime() value
2026-08-22T10:22:29: PM2 warn: [pidusage] We couldn't find uptime from /proc/uptime, using os.uptime() value
2026-08-22T10:22:59: PM2 warn: [pidusage] We couldn't find uptime from /proc/uptime, using os.uptime() value
2026-08-22T10:23:29: PM2 warn: [pidusage] We couldn't find uptime from /proc/uptime, using os.uptime() value
2026-08-22T10:23:59: PM2 warn: [pidusage] We couldn't find uptime from /proc/uptime, using os.uptime() value
2026-08-22T10:24:29: PM2 warn: [pidusage] We couldn't find uptime from /proc/uptime, using os.uptime() value
2026-08-22T10:24:59: PM2 warn: [pidusage] We couldn't find uptime from /proc/uptime, using os.uptime() value
2026-08-22T10:25:29: PM2 warn: [pidusage] We couldn't find uptime from /proc/uptime, using os.uptime() value
2026-08-22T10:25:59: PM2 warn: [pidusage] We couldn't find uptime from /proc/uptime, using os.uptime() value
2026-08-22T10:26:29: PM2 warn: [pidusage] We couldn't find uptime from /proc/uptime, using os.uptime() value
2026-08-22T10:26:59: PM2 warn: [pidusage] We couldn't find uptime from /proc/uptime, using os.uptime() value
2026-08-22T10:27:29: PM2 warn: [pidusage] We couldn't find uptime from /proc/uptime, using os.uptime() value
2026-08-22T10:27:59: PM2 warn: [pidusage] We couldn't find uptime from /proc/uptime, using os.uptime() value
2026-08-22T10:28:29: PM2 warn: [pidusage] We couldn't find uptime from /proc/uptime, using os.uptime() value
2026-08-22T10:28:59: PM2 warn: [pidusage] We couldn't find uptime from /proc/uptime, using os.uptime() value
2026-08-22T10:29:29: PM2 warn: [pidusage] We couldn't find uptime from /proc/uptime, using os.uptime() value
2026-08-22T10:29:59: PM2 warn: [pidusage] We couldn't find uptime from /proc/uptime, using os.uptime() value
2026-08-22T10:30:29: PM2 warn: [pidusage] We couldn't find uptime from /proc/uptime, using os.uptime() value
2026-08-22T10:30:59: PM2 warn: [pidusage] We couldn't find uptime from /proc/uptime, using os.uptime() value
2026-08-22T10:31:29: PM2 warn: [pidusage] We couldn't find uptime from /proc/uptime, using os.uptime() value
2026-08-22T10:31:59: PM2 warn: [pidusage] We couldn't find uptime from /proc/uptime, using os.uptime() value
2026-08-22T10:32:29: PM2 warn: [pidusage] We couldn't find uptime from /proc/uptime, using os.uptime() value
2026-08-22T10:32:59: PM2 warn: [pidusage] We couldn't find uptime from /proc/uptime, using os.uptime() value
2026-08-22T10:33:29: PM2 warn: [pidusage] We couldn't find uptime from /proc/uptime, using os.uptime() value
2026-08-22T10:33:59: PM2 warn: [pidusage] We couldn't find uptime from /proc/uptime, using os.uptime() value
2026-08-22T10:34:29: PM2 warn: [pidusage] We couldn't find uptime from /proc/uptime, using os.uptime() value
2026-08-22T10:34:59: PM2 warn: [pidusage] We couldn't find uptime from /proc/uptime, using os.uptime() value
2026-08-22T10:35:29: PM2 warn: [pidusage] We couldn't find uptime from /proc/uptime, using os.uptime() value
2026-08-22T10:35:59: PM2 warn: [pidusage] We couldn't find uptime from /proc/uptime, using os.uptime() value
2026-08-22T10:36:29: PM2 warn: [pidusage] We couldn't find uptime from /proc/uptime, using os.uptime() value
2026-08-22T10:36:59: PM2 warn: [pidusage] We couldn't find uptime from /proc/uptime, using os.uptime() value
2026-08-22T10:37:29: PM2 warn: [pidusage] We couldn't find uptime from /proc/uptime, using os.uptime() value
2026-08-22T10:37:59: PM2 warn: [pidusage] We couldn't find uptime from /proc/uptime, using os.uptime() value
2026-08-22T10:38:29: PM2 warn: [pidusage] We couldn't find uptime from /proc/uptime, using os.uptime() value
2026-08-22T10:38:59: PM2 warn: [pidusage] We couldn't find uptime from /proc/uptime, using os.uptime() value
2026-08-22T10:39:29: PM2 warn: [pidusage] We couldn't find uptime from /proc/uptime, using os.uptime() value
2026-08-22T10:39:59: PM2 warn: [pidusage] We couldn't find uptime from /proc/uptime, using os.uptime() value
2026-08-22T10:40:29: PM2 warn: [pidusage] We couldn't find uptime from /proc/uptime, using os.uptime() value
2026-08-22T10:40:59: PM2 warn: [pidusage] We couldn't find uptime from /proc/uptime, using os.uptime() value
2026-08-22T10:41:29: PM2 warn: [pidusage] We couldn't find uptime from /proc/uptime, using os.uptime() value
2026-08-22T10:41:59: PM2 warn: [pidusage] We couldn't find uptime from /proc/uptime, using os.uptime() value
2026-08-22T10:42:29: PM2 warn: [pidusage] We couldn't find uptime from /proc/uptime, using os.uptime() value
2026-08-22T10:42:59: PM2 warn: [pidusage] We couldn't find uptime from /proc/uptime, using os.uptime() value
2026-08-22T10:43:29: PM2 warn: [pidusage] We couldn't find uptime from /proc/uptime, using os.uptime() value
2026-08-22T10:43:59: PM2 warn: [pidusage] We couldn't find uptime from /proc/uptime, using os.uptime() value
2026-08-22T10:44:29: PM2 warn: [pidusage] We couldn't find uptime from /proc/uptime, using os.uptime() value
2026-08-22T10:44:59: PM2 warn: [pidusage] We couldn't find uptime from /proc/uptime, using os.uptime() value
2026-08-22T10:45:29: PM2 warn: [pidusage] We couldn't find uptime from /proc/uptime, using os.uptime() value
2026-08-22T10:45:59: PM2 warn: [pidusage] We couldn't find uptime from /proc/uptime, using os.uptime() value
2026-08-22T10:46:29: PM2 warn: [pidusage] We couldn't find uptime from /proc/uptime, using os.uptime() value
2026-08-22T10:46:59: PM2 warn: [pidusage] We couldn't find uptime from /proc/uptime, using os.uptime() value
2026-08-22T10:47:29: PM2 warn: [pidusage] We couldn't find uptime from /proc/uptime, using os.uptime() value
2026-08-22T10:47:59: PM2 warn: [pidusage] We couldn't find uptime from /proc/uptime, using os.uptime() value
2026-08-22T10:48:29: PM2 warn: [pidusage] We couldn't find uptime from /proc/uptime, using os.uptime() value
2026-08-22T10:48:59: PM2 warn: [pidusage] We couldn't find uptime from /proc/uptime, using os.uptime() value
2026-08-22T10:49:29: PM2 warn: [pidusage] We couldn't find uptime from /proc/uptime, using os.uptime() value
2026-08-22T10:49:59: PM2 warn: [pidusage] We couldn't find uptime from /proc/uptime, using os.uptime() value
2026-08-22T10:50:29: PM2 warn: [pidusage] We couldn't find uptime from /proc/uptime, using os.uptime() value
2026-08-22T10:50:59: PM2 warn: [pidusage] We couldn't find uptime from /proc/uptime, using os.uptime() value
2026-08-22T10:51:29: PM2 warn: [pidusage] We couldn't find uptime from /proc/uptime, using os.uptime() value
2026-08-22T10:51:59: PM2 warn: [pidusage] We couldn't find uptime from /proc/uptime, using os.uptime() value
2026-08-22T10:52:29: PM2 warn: [pidusage] We couldn't find uptime from /proc/uptime, using os.uptime() value
2026-08-22T10:52:59: PM2 warn: [pidusage] We couldn't find uptime from /proc/uptime, using os.uptime() value
2026-08-22T10:53:29: PM2 warn: [pidusage] We couldn't find uptime from /proc/uptime, using os.uptime() value
2026-08-22T10:53:59: PM2 warn: [pidusage] We couldn't find uptime from /proc/uptime, using os.uptime() value
2026-08-22T10:54:29: PM2 warn: [pidusage] We couldn't find uptime from /proc/uptime, using os.uptime() value
2026-08-22T10:54:59: PM2 warn: [pidusage] We couldn't find uptime from /proc/uptime, using os.uptime() value
2026-08-22T10:55:29: PM2 warn: [pidusage] We couldn't find uptime from /proc/uptime, using os.uptime() value
2026-08-22T10:55:59: PM2 warn: [pidusage] We couldn't find uptime from /proc/uptime, using os.uptime() value
2026-08-22T10:56:29: PM2 warn: [pidusage] We couldn't find uptime from /proc/uptime, using os.uptime() value
2026-08-22T10:56:59: PM2 warn: [pidusage] We couldn't find uptime from /proc/uptime, using os.uptime() value
2026-08-22T10:57:29: PM2 warn: [pidusage] We couldn't find uptime from /proc/uptime, using os.uptime() value
2026-08-22T10:57:59: PM2 warn: [pidusage] We couldn't find uptime from /proc/uptime, using os.uptime() value
2026-08-22T10:58:29: PM2 warn: [pidusage] We couldn't find uptime from /proc/uptime, using os.uptime() value
2026-08-22T10:58:59: PM2 warn: [pidusage] We couldn't find uptime from /proc/uptime, using os.uptime() value
2026-08-22T10:59:29: PM2 warn: [pidusage] We couldn't find uptime from /proc/uptime, using os.uptime() value
2026-08-22T10:59:59: PM2 warn: [pidusage] We couldn't find uptime from /proc/uptime, using os.uptime() value
2026-08-22T11:00:29: PM2 warn: [pidusage] We couldn't find uptime from /proc/uptime, using os.uptime() value
2026-08-22T11:00:59: PM2 warn: [pidusage] We couldn't find uptime from /proc/uptime, using os.uptime() value
2026-08-22T11:01:29: PM2 warn: [pidusage] We couldn't find uptime from /proc/uptime, using os.uptime() value
2026-08-22T11:01:59: PM2 warn: [pidusage] We couldn't find uptime from /proc/uptime, using os.uptime() value
2026-08-22T11:02:29: PM2 warn: [pidusage] We couldn't find uptime from /proc/uptime, using os.uptime() value
2026-08-22T11:02:59: PM2 warn: [pidusage] We couldn't find uptime from /proc/uptime, using os.uptime() value
2026-08-22T11:03:29: PM2 warn: [pidusage] We couldn't find uptime from /proc/uptime, using os.uptime() value
2026-08-22T11:03:59: PM2 warn: [pidusage] We couldn't find uptime from /proc/uptime, using os.uptime() value
2026-08-22T11:04:29: PM2 warn: [pidusage] We couldn't find uptime from /proc/uptime, using os.uptime() value
2026-08-22T11:04:59: PM2 warn: [pidusage] We couldn't find uptime from /proc/uptime, using os.uptime() value
2026-08-22T11:05:29: PM2 warn: [pidusage] We couldn't find uptime from /proc/uptime, using os.uptime() value
2026-08-22T11:05:59: PM2 warn: [pidusage] We couldn't find uptime from /proc/uptime, using os.uptime() value
2026-08-22T11:06:29: PM2 warn: [pidusage] We couldn't find uptime from /proc/uptime, using os.uptime() value
2026-08-22T11:06:59: PM2 warn: [pidusage] We couldn't find uptime from /proc/uptime, using os.uptime() value
2026-08-22T11:07:29: PM2 warn: [pidusage] We couldn't find uptime from /proc/uptime, using os.uptime() value
2026-08-22T11:07:59: PM2 warn: [pidusage] We couldn't find uptime from /proc/uptime, using os.uptime() value
2026-08-22T11:08:29: PM2 warn: [pidusage] We couldn't find uptime from /proc/uptime, using os.uptime() value
2026-08-22T11:08:59: PM2 warn: [pidusage] We couldn't find uptime from /proc/uptime, using os.uptime() value
2026-08-22T11:09:29: PM2 warn: [pidusage] We couldn't find uptime from /proc/uptime, using os.uptime() value
2026-08-22T11:09:59: PM2 warn: [pidusage] We couldn't find uptime from /proc/uptime, using os.uptime() value
2026-08-22T11:10:29: PM2 warn: [pidusage] We couldn't find uptime from /proc/uptime, using os.uptime() value
2026-08-22T11:10:59: PM2 warn: [pidusage] We couldn't find uptime from /proc/uptime, using os.uptime() value
2026-08-22T11:11:29: PM2 warn: [pidusage] We couldn't find uptime from /proc/uptime, using os.uptime() value
2026-08-22T23:32:16: PM2 log: ===============================================================================
2026-08-22T23:32:16: PM2 log: --- New PM2 Daemon started ----------------------------------------------------
2026-08-22T23:32:16: PM2 log: Time                 : Sat Aug 22 2026 23:32:16 GMT-0300 (Brasilia Standard Time)
2026-08-22T23:32:16: PM2 log: PM2 version          : 7.0.3
2026-08-22T23:32:16: PM2 log: Node.js version      : 26.3.1
2026-08-22T23:32:16: PM2 log: Current arch         : arm64
2026-08-22T23:32:16: PM2 log: PM2 home             : /data/data/com.termux/files/home/.pm2
2026-08-22T23:32:16: PM2 log: PM2 PID file         : /data/data/com.termux/files/home/.pm2/pm2.pid
2026-08-22T23:32:16: PM2 log: RPC socket file      : /data/data/com.termux/files/home/.pm2/rpc.sock
2026-08-22T23:32:16: PM2 log: BUS socket file      : /data/data/com.termux/files/home/.pm2/pub.sock
2026-08-22T23:32:16: PM2 log: Application log path : /data/data/com.termux/files/home/.pm2/logs
2026-08-22T23:32:16: PM2 log: Worker Interval      : 30000
2026-08-22T23:32:16: PM2 log: Process dump file    : /data/data/com.termux/files/home/.pm2/dump.pm2
2026-08-22T23:32:16: PM2 log: Concurrent actions   : 2
2026-08-22T23:32:16: PM2 log: SIGTERM timeout      : 1600
2026-08-22T23:32:16: PM2 log: Runtime Binary       : /data/data/com.termux/files/usr/bin/node
2026-08-22T23:32:16: PM2 log: ===============================================================================
2026-08-23T18:49:23: PM2 log: ===============================================================================
2026-08-23T18:49:23: PM2 log: --- New PM2 Daemon started ----------------------------------------------------
2026-08-23T18:49:23: PM2 log: Time                 : Sun Aug 23 2026 18:49:23 GMT-0300 (Brasilia Standard Time)
2026-08-23T18:49:23: PM2 log: PM2 version          : 7.0.3
2026-08-23T18:49:23: PM2 log: Node.js version      : 26.3.1
2026-08-23T18:49:23: PM2 log: Current arch         : arm64
2026-08-23T18:49:23: PM2 log: PM2 home             : /data/data/com.termux/files/home/.pm2
2026-08-23T18:49:23: PM2 log: PM2 PID file         : /data/data/com.termux/files/home/.pm2/pm2.pid
2026-08-23T18:49:23: PM2 log: RPC socket file      : /data/data/com.termux/files/home/.pm2/rpc.sock
2026-08-23T18:49:23: PM2 log: BUS socket file      : /data/data/com.termux/files/home/.pm2/pub.sock
2026-08-23T18:49:23: PM2 log: Application log path : /data/data/com.termux/files/home/.pm2/logs
2026-08-23T18:49:23: PM2 log: Worker Interval      : 30000
2026-08-23T18:49:23: PM2 log: Process dump file    : /data/data/com.termux/files/home/.pm2/dump.pm2
2026-08-23T18:49:23: PM2 log: Concurrent actions   : 2
2026-08-23T18:49:23: PM2 log: SIGTERM timeout      : 1600
2026-08-23T18:49:23: PM2 log: Runtime Binary       : /data/data/com.termux/files/usr/bin/node
2026-08-23T18:49:23: PM2 log: ===============================================================================
2026-09-02T22:03:46: PM2 log: ===============================================================================
2026-09-02T22:03:46: PM2 log: --- New PM2 Daemon started ----------------------------------------------------
2026-09-02T22:03:46: PM2 log: Time                 : Wed Sep 02 2026 22:03:46 GMT-0300 (Brasilia Standard Time)
2026-09-02T22:03:46: PM2 log: PM2 version          : 7.0.3
2026-09-02T22:03:46: PM2 log: Node.js version      : 26.3.1
2026-09-02T22:03:46: PM2 log: Current arch         : arm64
2026-09-02T22:03:46: PM2 log: PM2 home             : /data/data/com.termux/files/home/.pm2
2026-09-02T22:03:46: PM2 log: PM2 PID file         : /data/data/com.termux/files/home/.pm2/pm2.pid
2026-09-02T22:03:46: PM2 log: RPC socket file      : /data/data/com.termux/files/home/.pm2/rpc.sock
2026-09-02T22:03:46: PM2 log: BUS socket file      : /data/data/com.termux/files/home/.pm2/pub.sock
2026-09-02T22:03:46: PM2 log: Application log path : /data/data/com.termux/files/home/.pm2/logs
2026-09-02T22:03:46: PM2 log: Worker Interval      : 30000
2026-09-02T22:03:46: PM2 log: Process dump file    : /data/data/com.termux/files/home/.pm2/dump.pm2
2026-09-02T22:03:46: PM2 log: Concurrent actions   : 2
2026-09-02T22:03:46: PM2 log: SIGTERM timeout      : 1600
2026-09-02T22:03:46: PM2 log: Runtime Binary       : /data/data/com.termux/files/usr/bin/node
2026-09-02T22:03:46: PM2 log: ===============================================================================
2026-09-03T22:03:48: PM2 log: [PM2] This PM2 is not UP TO DATE
2026-09-03T22:03:48: PM2 log: [PM2] Upgrade to version 7.0.4
