0 verbose cli /data/data/com.termux/files/usr/bin/node /data/data/com.termux/files/usr/bin/npm
1 info using npm@11.17.0
2 info using node@v26.3.1
3 silly config load:file:/data/data/com.termux/files/usr/lib/node_modules/npm/npmrc
4 silly config load:file:/data/data/com.termux/files/home/zyntrax-bot/.npmrc
5 silly config load:file:/data/data/com.termux/files/home/.npmrc
6 silly config load:file:/data/data/com.termux/files/usr/etc/npmrc
7 verbose title npm install dotenv
8 verbose argv "install" "dotenv"
9 verbose logfile logs-max:10 dir:/data/data/com.termux/files/home/.npm/_logs/2026-09-06T19_34_59_112Z-
10 verbose logfile /data/data/com.termux/files/home/.npm/_logs/2026-09-06T19_34_59_112Z-debug-0.log
11 silly logfile start cleaning logs, removing 1 files
12 silly logfile done cleaning log files
13 silly packumentCache heap:1106509824 maxSize:276627456 maxEntrySize:138313728
14 silly idealTree buildDeps
15 silly fetch manifest dotenv@*
16 silly packumentCache full:https://registry.npmjs.org/dotenv cache-miss
17 http fetch GET 200 https://registry.npmjs.org/dotenv 629ms (cache miss)
18 silly packumentCache full:https://registry.npmjs.org/dotenv set size:undefined disposed:false
19 silly placeDep ROOT dotenv@17.4.2 OK for: zyntrax-bot@1.0.0 want: *
20 silly reify moves {}
21 silly audit bulk request {
21 silly audit   '@discordjs/builders': [ '1.14.1' ],
21 silly audit   '@discordjs/collection': [ '1.5.3', '2.1.1' ],
21 silly audit   '@discordjs/formatters': [ '0.6.2' ],
21 silly audit   '@discordjs/rest': [ '2.6.3' ],
21 silly audit   '@discordjs/util': [ '1.2.0' ],
21 silly audit   '@discordjs/ws': [ '1.2.3' ],
21 silly audit   '@sapphire/async-queue': [ '1.5.5' ],
21 silly audit   '@sapphire/shapeshift': [ '4.0.0' ],
21 silly audit   '@sapphire/snowflake': [ '3.5.5' ],
21 silly audit   '@types/node': [ '26.4.1' ],
21 silly audit   '@types/ws': [ '8.18.1' ],
21 silly audit   '@vladfrangu/async_event_emitter': [ '2.4.7' ],
21 silly audit   'discord-api-types': [ '0.38.55' ],
21 silly audit   'discord.js': [ '14.27.0' ],
21 silly audit   'fast-deep-equal': [ '3.1.3' ],
21 silly audit   lodash: [ '4.18.1' ],
21 silly audit   'lodash.snakecase': [ '4.1.1' ],
21 silly audit   'magic-bytes.js': [ '1.13.1' ],
21 silly audit   'ts-mixer': [ '6.0.4' ],
21 silly audit   tslib: [ '2.8.1' ],
21 silly audit   undici: [ '6.28.1' ],
21 silly audit   'undici-types': [ '8.3.0' ],
21 silly audit   ws: [ '8.21.3' ],
21 silly audit   dotenv: [ '17.4.2' ]
21 silly audit }
22 http cache dotenv@https://registry.npmjs.org/dotenv/-/dotenv-17.4.2.tgz 1ms (cache hit)
23 silly tarball no local data for dotenv@https://registry.npmjs.org/dotenv/-/dotenv-17.4.2.tgz. Extracting by manifest.
24 http fetch POST 200 https://registry.npmjs.org/-/npm/v1/security/advisories/bulk 289ms
25 silly audit report {}
26 http fetch GET 200 https://registry.npmjs.org/dotenv/-/dotenv-17.4.2.tgz 437ms (cache miss)
27 silly ADD node_modules/dotenv
28 verbose cwd /data/data/com.termux/files/home/zyntrax-bot
29 verbose os Linux 5.4.210-android12-9-g5debd08bbf29-ab912
30 verbose node v26.3.1
31 verbose npm  v11.17.0
32 verbose exit 0
33 info ok
